ch01   29 blocks   21.1 min  built in    85s
ch02    7 blocks   15.3 min  built in    51s
ch03    1 blocks    7.8 min  built in    24s
ch04   33 blocks   16.7 min  built in    76s
ch05   23 blocks   15.0 min  built in    58s
ch06   11 blocks   12.2 min  built in    45s
ch07    5 blocks   16.8 min  built in    53s
ch08    7 blocks    8.4 min  built in    30s
ch09    4 blocks   12.0 min  built in    39s
ch10    5 blocks   13.9 min  built in    48s
ch11    5 blocks   20.9 min  built in    70s
ch12    7 blocks   16.4 min  built in    46s
ch13    5 blocks   13.4 min  built in    45s
ch14   15 blocks   13.5 min  built in    51s
ch15  106 blocks   21.4 min  built in   147s
ch16   64 blocks   23.9 min  built in   122s
ch17   27 blocks   12.4 min  built in    62s
ch18   94 blocks   15.4 min  built in   123s
ch19 already built, skip
ch20   81 blocks   15.1 min  built in   112s
ch21    5 blocks   12.3 min  built in    28s
ch22   59 blocks   10.6 min  built in    81s
ch23  127 blocks   19.4 min  built in   166s
ch24   65 blocks   15.3 min  built in    93s
ch25    5 blocks   18.4 min  built in    60s
ch26   73 blocks   14.9 min  built in   104s
ch27    7 blocks   17.6 min  built in    59s
ch28   19 blocks   12.7 min  built in    45s
ch29   27 blocks   15.0 min  built in    64s
ch30   63 blocks   15.3 min  built in    94s
ch31    1 blocks   13.7 min  built in    46s
ch32    3 blocks   15.4 min  built in    50s
ch33   10 blocks   13.1 min  built in    45s
ch34   44 blocks   16.6 min  built in    85s
ch35    3 blocks   11.0 min  built in    36s
ch36   40 blocks   17.0 min  built in    85s
total runtime 9.06 hours
